
> connectsphere-frontend@1.0.0 build
> react-scripts build

Creating an optimized production build...
Failed to compile.

[eslint] 
src\services\socket.js
  Line 170:3:  'onWhiteboardUpdate' is not defined  no-undef

Search for the keywords to learn more about each error.


node.exe : npm error 
Lifecycle script `build` 
failed with error:
At line:1 char:1
+ & "C:\Program 
Files\nodejs/node.exe" 
"C:\Program 
Files\nodejs/node_mo ...
+ ~~~~~~~~~~~~~~~~~~~~~~~~
~~~~~~~~~~~~~~~~~~~~~~~~~~
~~~~~~~~~~~~~~~~~~~
    + CategoryInfo        
      : NotSpecified: (n  
  pm error Lifec...led    
 with error::String) [    
], RemoteException
    + FullyQualifiedError 
   Id : NativeCommandErr  
  or
 
npm error code 1
npm error path C:\Users\di
lee\OneDrive\Desktop\task 
1\connectsphere\frontend
npm error workspace connec
tsphere-frontend@1.0.0
npm error location C:\User
s\dilee\OneDrive\Desktop\t
ask 
1\connectsphere\frontend
npm error command failed
npm error command C:\Windo
ws\system32\cmd.exe /d /s 
/c react-scripts build
